2026-07-20 09:30:44.659 IST [18672] LOG:  starting PostgreSQL 18.4 on x86_64-windows, compiled by msvc-19.44.35227, 64-bit
2026-07-20 09:30:44.664 IST [18672] LOG:  listening on IPv6 address "::1", port 5433
2026-07-20 09:30:44.664 IST [18672] LOG:  listening on IPv4 address "127.0.0.1", port 5433
2026-07-20 09:30:44.772 IST [628] LOG:  database system was shut down at 2026-07-20 09:30:39 IST
2026-07-20 09:30:44.779 IST [18672] LOG:  database system is ready to accept connections
2026-07-20 09:31:13.634 IST [27276] ERROR:  relation "public.users" does not exist at character 724
2026-07-20 09:31:13.634 IST [27276] STATEMENT:  SELECT "public"."users"."id", "public"."users"."email", "public"."users"."password", "public"."users"."firstName", "public"."users"."lastName", "public"."users"."displayName", "public"."users"."avatarUrl", "public"."users"."role"::text, "public"."users"."status"::text, "public"."users"."phone", "public"."users"."jobTitle", "public"."users"."company", "public"."users"."emailVerified", "public"."users"."emailVerifiedAt", "public"."users"."twoFactorEnabled", "public"."users"."twoFactorSecret", "public"."users"."lastLoginAt", "public"."users"."lastLoginIp", "public"."users"."loginCount", "public"."users"."passwordChangedAt", "public"."users"."createdAt", "public"."users"."updatedAt", "public"."users"."deletedAt" FROM "public"."users" WHERE ("public"."users"."email" = $1 AND "public"."users"."deletedAt" IS NULL) LIMIT $2 OFFSET $3
2026-07-20 09:31:13.677 IST [27276] ERROR:  relation "public.users" does not exist at character 724
2026-07-20 09:31:13.677 IST [27276] STATEMENT:  SELECT "public"."users"."id", "public"."users"."email", "public"."users"."password", "public"."users"."firstName", "public"."users"."lastName", "public"."users"."displayName", "public"."users"."avatarUrl", "public"."users"."role"::text, "public"."users"."status"::text, "public"."users"."phone", "public"."users"."jobTitle", "public"."users"."company", "public"."users"."emailVerified", "public"."users"."emailVerifiedAt", "public"."users"."twoFactorEnabled", "public"."users"."twoFactorSecret", "public"."users"."lastLoginAt", "public"."users"."lastLoginIp", "public"."users"."loginCount", "public"."users"."passwordChangedAt", "public"."users"."createdAt", "public"."users"."updatedAt", "public"."users"."deletedAt" FROM "public"."users" WHERE ("public"."users"."email" = $1 AND "public"."users"."deletedAt" IS NULL) LIMIT $2 OFFSET $3
2026-07-20 09:31:13.716 IST [27276] LOG:  could not receive data from client: An existing connection was forcibly closed by the remote host.
	
2026-07-20 09:31:24.342 IST [21304] ERROR:  relation "_prisma_migrations" does not exist at character 126
2026-07-20 09:31:24.342 IST [21304] STATEMENT:  SELECT "id", "checksum", "finished_at", "migration_name", "logs", "rolled_back_at", "started_at", "applied_steps_count" FROM "_prisma_migrations" ORDER BY "started_at" ASC
2026-07-20 09:31:25.399 IST [22900] LOG:  checkpoint starting: immediate force wait
2026-07-20 09:31:27.444 IST [22900] LOG:  checkpoint complete: wrote 985 buffers (6.0%), wrote 3 SLRU buffers; 0 WAL file(s) added, 0 removed, 1 recycled; write=0.534 s, sync=1.423 s, total=2.046 s; sync files=303, longest=0.069 s, average=0.005 s; distance=9330 kB, estimate=9330 kB; lsn=0/210DED0, redo lsn=0/210DE78
2026-07-20 09:31:28.609 IST [22900] LOG:  checkpoint starting: immediate force wait
2026-07-20 09:31:28.649 IST [22900] LOG:  checkpoint complete: wrote 3 buffers (0.0%), wrote 1 SLRU buffers; 0 WAL file(s) added, 0 removed, 0 recycled; write=0.002 s, sync=0.006 s, total=0.041 s; sync files=4, longest=0.002 s, average=0.002 s; distance=5809 kB, estimate=8978 kB; lsn=0/26BA528, redo lsn=0/26BA4D0
2026-07-20 09:31:30.060 IST [22900] LOG:  checkpoint starting: immediate force wait
2026-07-20 09:31:30.491 IST [22900] LOG:  checkpoint complete: wrote 179 buffers (1.1%), wrote 1 SLRU buffers; 0 WAL file(s) added, 0 removed, 0 recycled; write=0.006 s, sync=0.401 s, total=0.432 s; sync files=240, longest=0.012 s, average=0.002 s; distance=7357 kB, estimate=8816 kB; lsn=0/2DE9B68, redo lsn=0/2DE9B10
2026-07-20 09:31:31.254 IST [22900] LOG:  checkpoint starting: immediate force wait
2026-07-20 09:31:31.287 IST [22900] LOG:  checkpoint complete: wrote 3 buffers (0.0%), wrote 1 SLRU buffers; 0 WAL file(s) added, 0 removed, 1 recycled; write=0.002 s, sync=0.005 s, total=0.033 s; sync files=4, longest=0.002 s, average=0.002 s; distance=5810 kB, estimate=8516 kB; lsn=0/3396400, redo lsn=0/33963A8
2026-07-20 09:31:31.368 IST [21304] LOG:  could not receive data from client: An existing connection was forcibly closed by the remote host.
	
2026-07-20 09:31:50.152 IST [13324] LOG:  could not receive data from client: An existing connection was forcibly closed by the remote host.
	
2026-07-20 09:36:31.317 IST [22900] LOG:  checkpoint starting: time
2026-07-20 09:36:56.315 IST [22900] LOG:  checkpoint complete: wrote 218 buffers (1.3%), wrote 1 SLRU buffers; 0 WAL file(s) added, 0 removed, 0 recycled; write=24.759 s, sync=0.169 s, total=25.000 s; sync files=72, longest=0.032 s, average=0.003 s; distance=1081 kB, estimate=7772 kB; lsn=0/34A4870, redo lsn=0/34A47E0
2026-07-20 10:48:15.164 IST [30872] LOG:  starting PostgreSQL 18.4 on x86_64-windows, compiled by msvc-19.44.35227, 64-bit
2026-07-20 10:48:15.175 IST [30872] LOG:  listening on IPv6 address "::1", port 5433
2026-07-20 10:48:15.175 IST [30872] LOG:  listening on IPv4 address "127.0.0.1", port 5433
2026-07-20 10:48:15.273 IST [9584] LOG:  database system was interrupted; last known up at 2026-07-20 09:36:56 IST
2026-07-20 10:48:16.063 IST [9584] LOG:  database system was not properly shut down; automatic recovery in progress
2026-07-20 10:48:16.110 IST [9584] LOG:  redo starts at 0/34A47E0
2026-07-20 10:48:16.111 IST [9584] LOG:  invalid record length at 0/34A4920: expected at least 24, got 0
2026-07-20 10:48:16.112 IST [9584] LOG:  redo done at 0/34A48E8 system usage: CPU: user: 0.00 s, system: 0.00 s, elapsed: 0.00 s
2026-07-20 10:48:16.127 IST [12232] LOG:  checkpoint starting: end-of-recovery immediate wait
2026-07-20 10:48:16.159 IST [12232] LOG:  checkpoint complete: wrote 0 buffers (0.0%), wrote 3 SLRU buffers; 0 WAL file(s) added, 0 removed, 0 recycled; write=0.006 s, sync=0.005 s, total=0.036 s; sync files=2, longest=0.003 s, average=0.003 s; distance=0 kB, estimate=0 kB; lsn=0/34A4920, redo lsn=0/34A4920
2026-07-20 10:48:16.174 IST [30872] LOG:  database system is ready to accept connections
2026-07-20 10:50:24.973 IST [30496] ERROR:  duplicate key value violates unique constraint "refresh_tokens_token_key"
2026-07-20 10:50:24.973 IST [30496] DETAIL:  Key (token)=(7256ae31f2427705baf45e9df14261f8069101483e4a42123c645eec69381613) already exists.
2026-07-20 10:50:24.973 IST [30496] STATEMENT:  INSERT INTO "public"."refresh_tokens" ("id","userId","token","ipAddress","expiresAt","createdAt") VALUES ($1,$2,$3,$4,$5,$6) RETURNING "public"."refresh_tokens"."id", "public"."refresh_tokens"."userId", "public"."refresh_tokens"."token", "public"."refresh_tokens"."deviceId", "public"."refresh_tokens"."deviceInfo", "public"."refresh_tokens"."ipAddress", "public"."refresh_tokens"."expiresAt", "public"."refresh_tokens"."revokedAt", "public"."refresh_tokens"."createdAt"
2026-07-20 10:53:16.172 IST [12232] LOG:  checkpoint starting: time
2026-07-20 10:53:23.916 IST [12232] LOG:  checkpoint complete: wrote 70 buffers (0.4%), wrote 1 SLRU buffers; 0 WAL file(s) added, 0 removed, 0 recycled; write=7.637 s, sync=0.082 s, total=7.746 s; sync files=58, longest=0.006 s, average=0.002 s; distance=142 kB, estimate=142 kB; lsn=0/34C8528, redo lsn=0/34C8498
